[2026-07-13 21:31:19] === enhance · otaverify · words=120000 loc>=10000 langs=9 push=True ===
[2026-07-13 21:31:24] phase DOCS — longform 120000-word corpus -> docs/corpus/
[2026-07-14 05:49:58] phase POLYGLOT — expanding to >= 10000 LOC across 9 languages
[2026-07-14 05:50:25]   facets: ['signature_chain_verifier', 'rollback_protection_enforcer', 'anti_downgrade_counter_manager', 'delta_patch_integrity_checker', 'manifest_parser', 'secure_storage_accessor']
[2026-07-14 05:52:19]   +polyglot/python/signature_chain_verifier.py  (loc now ~4276)
[2026-07-14 05:54:13]   +polyglot/go/signature_chain_verifier.go  (loc now ~4708)
[2026-07-14 05:56:07]   +polyglot/rust/signature_chain_verifier.rs  (loc now ~5179)
[2026-07-14 05:58:02]   +polyglot/typescript/signature_chain_verifier.ts  (loc now ~5693)
[2026-07-14 05:59:57]   +polyglot/c/signature_chain_verifier.c  (loc now ~6049)
[2026-07-14 06:01:52]   +polyglot/cpp/signature_chain_verifier.cpp  (loc now ~6416)
[2026-07-14 06:03:47]   +polyglot/java/signature_chain_verifier.java  (loc now ~6805)
[2026-07-14 06:05:42]   +polyglot/ruby/signature_chain_verifier.rb  (loc now ~7325)
[2026-07-14 06:07:22]   +polyglot/csharp/signature_chain_verifier.cs  (loc now ~7706)
[2026-07-14 06:09:03]   +polyglot/python/rollback_protection_enforcer.py  (loc now ~8068)
[2026-07-14 06:10:59]   +polyglot/go/rollback_protection_enforcer.go  (loc now ~8508)
[2026-07-14 06:12:54]   +polyglot/rust/rollback_protection_enforcer.rs  (loc now ~8963)
[2026-07-14 06:14:50]   +polyglot/typescript/rollback_protection_enforcer.ts  (loc now ~9493)
[2026-07-14 06:16:45]   +polyglot/c/rollback_protection_enforcer.c  (loc now ~9948)
[2026-07-14 06:18:40]   +polyglot/cpp/rollback_protection_enforcer.cpp  (loc now ~10457)
[2026-07-14 06:18:44] === done · otaverify · loc=10457 · {'committed': True, 'pushed': True, 'push_err': ''} ===
[2026-09-03 14:26:46] === enhance · otaverify · words=120000 loc>=10000 langs=9 push=True ===
[2026-09-03 14:26:51] phase DOCS — longform 120000-word corpus -> docs/corpus/
[2026-09-04 00:59:01] phase POLYGLOT — expanding to >= 10000 LOC across 9 languages
[2026-09-04 01:06:58]   facets: ['core', 'parser', 'validate', 'transform', 'report', 'cli']
